---
source: workspaces/diff-engine/tests/domain-conflict-scenarios-generated.rs
expression: diffs
---
[]
