---
source: workspaces/diff-engine/tests/domain-conflict-scenarios-generated.rs
expression: diffs
---
[
    UnmatchedRequestUrl(
        UnmatchedRequestUrl {
            interaction_trail: InteractionTrail {
                path: [
                    Url {
                        path: "/posts/305",
                    },
                    Method {
                        method: "GET",
                    },
                ],
            },
            requests_trail: SpecRoot(
                SpecRoot,
            ),
        },
    ),
]
