---
source: workspaces/diff-engine/tests/domain-conflict-scenarios-generated.rs
expression: "Dot::with_config(&spec_projection.shape().graph, &[])"
---
digraph {
    0 [ label = "CoreShape(\l    CoreShapeNode(\l        \"$string\",\l        CoreShapeNodeDescriptor {\l            kind: StringKind,\l        },\l    ),\l)\l" ]
    1 [ label = "CoreShape(\l    CoreShapeNode(\l        \"$number\",\l        CoreShapeNodeDescriptor {\l            kind: NumberKind,\l        },\l    ),\l)\l" ]
    2 [ label = "CoreShape(\l    CoreShapeNode(\l        \"$boolean\",\l        CoreShapeNodeDescriptor {\l            kind: BooleanKind,\l        },\l    ),\l)\l" ]
    3 [ label = "CoreShape(\l    CoreShapeNode(\l        \"$list\",\l        CoreShapeNodeDescriptor {\l            kind: ListKind,\l        },\l    ),\l)\l" ]
    4 [ label = "ShapeParameter(\l    ShapeParameterNode(\l        \"$listItem\",\l        ShapeParameterNodeDescriptor,\l    ),\l)\l" ]
    5 [ label = "CoreShape(\l    CoreShapeNode(\l        \"$object\",\l        CoreShapeNodeDescriptor {\l            kind: ObjectKind,\l        },\l    ),\l)\l" ]
    6 [ label = "CoreShape(\l    CoreShapeNode(\l        \"$nullable\",\l        CoreShapeNodeDescriptor {\l            kind: NullableKind,\l        },\l    ),\l)\l" ]
    7 [ label = "ShapeParameter(\l    ShapeParameterNode(\l        \"$nullableInner\",\l        ShapeParameterNodeDescriptor,\l    ),\l)\l" ]
    8 [ label = "CoreShape(\l    CoreShapeNode(\l        \"$unknown\",\l        CoreShapeNodeDescriptor {\l            kind: UnknownKind,\l        },\l    ),\l)\l" ]
    9 [ label = "CoreShape(\l    CoreShapeNode(\l        \"$optional\",\l        CoreShapeNodeDescriptor {\l            kind: OptionalKind,\l        },\l    ),\l)\l" ]
    10 [ label = "ShapeParameter(\l    ShapeParameterNode(\l        \"$optionalInner\",\l        ShapeParameterNodeDescriptor,\l    ),\l)\l" ]
    11 [ label = "CoreShape(\l    CoreShapeNode(\l        \"$oneOf\",\l        CoreShapeNodeDescriptor {\l            kind: OneOfKind,\l        },\l    ),\l)\l" ]
    12 [ label = "Shape(\l    ShapeNode(\l        \"shape_PBYuBrTCLk\",\l        ShapeNodeDescriptor,\l    ),\l)\l" ]
    13 [ label = "Shape(\l    ShapeNode(\l        \"shape_bGU4HicHkV\",\l        ShapeNodeDescriptor,\l    ),\l)\l" ]
    14 [ label = "Shape(\l    ShapeNode(\l        \"shape_RvMMDY4eOD\",\l        ShapeNodeDescriptor,\l    ),\l)\l" ]
    15 [ label = "Field(\l    FieldNode(\l        \"field_jvGuxAjlRn\",\l        FieldNodeDescriptor {\l            name: \"author\",\l        },\l    ),\l)\l" ]
    16 [ label = "Shape(\l    ShapeNode(\l        \"shape_u6waaccsqU\",\l        ShapeNodeDescriptor,\l    ),\l)\l" ]
    17 [ label = "Field(\l    FieldNode(\l        \"field_gGefUJrPwF\",\l        FieldNodeDescriptor {\l            name: \"id\",\l        },\l    ),\l)\l" ]
    18 [ label = "Shape(\l    ShapeNode(\l        \"shape_Mh5lZMGWAO\",\l        ShapeNodeDescriptor,\l    ),\l)\l" ]
    19 [ label = "Field(\l    FieldNode(\l        \"field_iYJ7dR4ihV\",\l        FieldNodeDescriptor {\l            name: \"title\",\l        },\l    ),\l)\l" ]
    20 [ label = "Shape(\l    ShapeNode(\l        \"shape_GsyFkrJzlL\",\l        ShapeNodeDescriptor,\l    ),\l)\l" ]
    21 [ label = "Shape(\l    ShapeNode(\l        \"shape_jfIeomMZ5p\",\l        ShapeNodeDescriptor,\l    ),\l)\l" ]
    22 [ label = "Shape(\l    ShapeNode(\l        \"shape_ApnstcbWQx\",\l        ShapeNodeDescriptor,\l    ),\l)\l" ]
    23 [ label = "Shape(\l    ShapeNode(\l        \"shape_sgKygyPuZL\",\l        ShapeNodeDescriptor,\l    ),\l)\l" ]
    24 [ label = "Field(\l    FieldNode(\l        \"field_KhuvysQCWY\",\l        FieldNodeDescriptor {\l            name: \"name\",\l        },\l    ),\l)\l" ]
    25 [ label = "Shape(\l    ShapeNode(\l        \"shape_1T8ZANWIcd\",\l        ShapeNodeDescriptor,\l    ),\l)\l" ]
    26 [ label = "Shape(\l    ShapeNode(\l        \"shape_j1aiWREIbU\",\l        ShapeNodeDescriptor,\l    ),\l)\l" ]
    27 [ label = "Shape(\l    ShapeNode(\l        \"shape_JH0cqjvNSd\",\l        ShapeNodeDescriptor,\l    ),\l)\l" ]
    28 [ label = "Field(\l    FieldNode(\l        \"field_OCXyZL2Lyp\",\l        FieldNodeDescriptor {\l            name: \"author\",\l        },\l    ),\l)\l" ]
    29 [ label = "Shape(\l    ShapeNode(\l        \"shape_hnfXS9Vmns\",\l        ShapeNodeDescriptor,\l    ),\l)\l" ]
    30 [ label = "Field(\l    FieldNode(\l        \"field_CXHgTtjIPq\",\l        FieldNodeDescriptor {\l            name: \"id\",\l        },\l    ),\l)\l" ]
    31 [ label = "Shape(\l    ShapeNode(\l        \"shape_FIaVxhxPUW\",\l        ShapeNodeDescriptor,\l    ),\l)\l" ]
    32 [ label = "Field(\l    FieldNode(\l        \"field_pb75z9dypc\",\l        FieldNodeDescriptor {\l            name: \"title\",\l        },\l    ),\l)\l" ]
    33 [ label = "Shape(\l    ShapeNode(\l        \"shape_E9IzHThmZv\",\l        ShapeNodeDescriptor,\l    ),\l)\l" ]
    34 [ label = "Shape(\l    ShapeNode(\l        \"shape_9t5hqnMMma\",\l        ShapeNodeDescriptor,\l    ),\l)\l" ]
    35 [ label = "Shape(\l    ShapeNode(\l        \"shape_ZVgfHusbJW\",\l        ShapeNodeDescriptor,\l    ),\l)\l" ]
    36 [ label = "Shape(\l    ShapeNode(\l        \"shape_6dDj0Z3HkT\",\l        ShapeNodeDescriptor,\l    ),\l)\l" ]
    37 [ label = "Field(\l    FieldNode(\l        \"field_tZbQYoQmxt\",\l        FieldNodeDescriptor {\l            name: \"body\",\l        },\l    ),\l)\l" ]
    38 [ label = "Shape(\l    ShapeNode(\l        \"shape_If49etudqF\",\l        ShapeNodeDescriptor,\l    ),\l)\l" ]
    39 [ label = "Field(\l    FieldNode(\l        \"field_UMhLN288Z3\",\l        FieldNodeDescriptor {\l            name: \"id\",\l        },\l    ),\l)\l" ]
    40 [ label = "Shape(\l    ShapeNode(\l        \"shape_VXfig63hnr\",\l        ShapeNodeDescriptor,\l    ),\l)\l" ]
    41 [ label = "Field(\l    FieldNode(\l        \"field_VMgg5gTvnO\",\l        FieldNodeDescriptor {\l            name: \"postId\",\l        },\l    ),\l)\l" ]
    42 [ label = "Shape(\l    ShapeNode(\l        \"shape_UlLNexyAzZ\",\l        ShapeNodeDescriptor,\l    ),\l)\l" ]
    43 [ label = "Shape(\l    ShapeNode(\l        \"shape_6TnsL6trq7\",\l        ShapeNodeDescriptor,\l    ),\l)\l" ]
    44 [ label = "Shape(\l    ShapeNode(\l        \"shape_MiVhGwZrMY\",\l        ShapeNodeDescriptor,\l    ),\l)\l" ]
    45 [ label = "Shape(\l    ShapeNode(\l        \"shape_iQB4J3IWzb\",\l        ShapeNodeDescriptor,\l    ),\l)\l" ]
    46 [ label = "Field(\l    FieldNode(\l        \"field_SXC48X1nmc\",\l        FieldNodeDescriptor {\l            name: \"name\",\l        },\l    ),\l)\l" ]
    4 -> 3 [ label = "IsParameterOf\l" ]
    7 -> 6 [ label = "IsParameterOf\l" ]
    10 -> 9 [ label = "IsParameterOf\l" ]
    12 -> 5 [ label = "IsDescendantOf\l" ]
    13 -> 5 [ label = "IsDescendantOf\l" ]
    14 -> 0 [ label = "IsDescendantOf\l" ]
    14 -> 15 [ label = "BelongsTo\l" ]
    15 -> 13 [ label = "IsFieldOf\l" ]
    16 -> 1 [ label = "IsDescendantOf\l" ]
    16 -> 17 [ label = "BelongsTo\l" ]
    17 -> 13 [ label = "IsFieldOf\l" ]
    18 -> 0 [ label = "IsDescendantOf\l" ]
    18 -> 19 [ label = "BelongsTo\l" ]
    19 -> 13 [ label = "IsFieldOf\l" ]
    20 -> 3 [ label = "IsDescendantOf\l" ]
    20 -> 4 [ label = "HasBinding(\l    ShapeParameterBinding {\l        shape_id: \"shape_bGU4HicHkV\",\l    },\l)\l" ]
    21 -> 5 [ label = "IsDescendantOf\l" ]
    22 -> 5 [ label = "IsDescendantOf\l" ]
    23 -> 0 [ label = "IsDescendantOf\l" ]
    23 -> 24 [ label = "BelongsTo\l" ]
    24 -> 22 [ label = "IsFieldOf\l" ]
    25 -> 5 [ label = "IsDescendantOf\l" ]
    26 -> 5 [ label = "IsDescendantOf\l" ]
    27 -> 0 [ label = "IsDescendantOf\l" ]
    27 -> 28 [ label = "BelongsTo\l" ]
    28 -> 26 [ label = "IsFieldOf\l" ]
    29 -> 1 [ label = "IsDescendantOf\l" ]
    29 -> 30 [ label = "BelongsTo\l" ]
    30 -> 26 [ label = "IsFieldOf\l" ]
    31 -> 0 [ label = "IsDescendantOf\l" ]
    31 -> 32 [ label = "BelongsTo\l" ]
    32 -> 26 [ label = "IsFieldOf\l" ]
    33 -> 3 [ label = "IsDescendantOf\l" ]
    33 -> 4 [ label = "HasBinding(\l    ShapeParameterBinding {\l        shape_id: \"shape_j1aiWREIbU\",\l    },\l)\l" ]
    34 -> 5 [ label = "IsDescendantOf\l" ]
    35 -> 5 [ label = "IsDescendantOf\l" ]
    36 -> 0 [ label = "IsDescendantOf\l" ]
    36 -> 37 [ label = "BelongsTo\l" ]
    37 -> 35 [ label = "IsFieldOf\l" ]
    38 -> 1 [ label = "IsDescendantOf\l" ]
    38 -> 39 [ label = "BelongsTo\l" ]
    39 -> 35 [ label = "IsFieldOf\l" ]
    40 -> 1 [ label = "IsDescendantOf\l" ]
    40 -> 41 [ label = "BelongsTo\l" ]
    41 -> 35 [ label = "IsFieldOf\l" ]
    42 -> 3 [ label = "IsDescendantOf\l" ]
    42 -> 4 [ label = "HasBinding(\l    ShapeParameterBinding {\l        shape_id: \"shape_ZVgfHusbJW\",\l    },\l)\l" ]
    43 -> 5 [ label = "IsDescendantOf\l" ]
    44 -> 5 [ label = "IsDescendantOf\l" ]
    45 -> 0 [ label = "IsDescendantOf\l" ]
    45 -> 46 [ label = "BelongsTo\l" ]
    46 -> 44 [ label = "IsFieldOf\l" ]
}

