---
source: workspaces/diff-engine/tests/domain-conflict-scenarios-generated.rs
expression: "Dot::with_config(&spec_projection.shape().graph, &[])"
---
digraph {
    0 [ label = "CoreShape(\l    CoreShapeNode(\l        \"$string\",\l        CoreShapeNodeDescriptor {\l            kind: StringKind,\l        },\l    ),\l)\l" ]
    1 [ label = "CoreShape(\l    CoreShapeNode(\l        \"$number\",\l        CoreShapeNodeDescriptor {\l            kind: NumberKind,\l        },\l    ),\l)\l" ]
    2 [ label = "CoreShape(\l    CoreShapeNode(\l        \"$boolean\",\l        CoreShapeNodeDescriptor {\l            kind: BooleanKind,\l        },\l    ),\l)\l" ]
    3 [ label = "CoreShape(\l    CoreShapeNode(\l        \"$list\",\l        CoreShapeNodeDescriptor {\l            kind: ListKind,\l        },\l    ),\l)\l" ]
    4 [ label = "ShapeParameter(\l    ShapeParameterNode(\l        \"$listItem\",\l        ShapeParameterNodeDescriptor,\l    ),\l)\l" ]
    5 [ label = "CoreShape(\l    CoreShapeNode(\l        \"$object\",\l        CoreShapeNodeDescriptor {\l            kind: ObjectKind,\l        },\l    ),\l)\l" ]
    6 [ label = "CoreShape(\l    CoreShapeNode(\l        \"$nullable\",\l        CoreShapeNodeDescriptor {\l            kind: NullableKind,\l        },\l    ),\l)\l" ]
    7 [ label = "ShapeParameter(\l    ShapeParameterNode(\l        \"$nullableInner\",\l        ShapeParameterNodeDescriptor,\l    ),\l)\l" ]
    8 [ label = "CoreShape(\l    CoreShapeNode(\l        \"$unknown\",\l        CoreShapeNodeDescriptor {\l            kind: UnknownKind,\l        },\l    ),\l)\l" ]
    9 [ label = "CoreShape(\l    CoreShapeNode(\l        \"$optional\",\l        CoreShapeNodeDescriptor {\l            kind: OptionalKind,\l        },\l    ),\l)\l" ]
    10 [ label = "ShapeParameter(\l    ShapeParameterNode(\l        \"$optionalInner\",\l        ShapeParameterNodeDescriptor,\l    ),\l)\l" ]
    11 [ label = "CoreShape(\l    CoreShapeNode(\l        \"$oneOf\",\l        CoreShapeNodeDescriptor {\l            kind: OneOfKind,\l        },\l    ),\l)\l" ]
    12 [ label = "Shape(\l    ShapeNode(\l        \"shape_X1SkJOUfKT\",\l        ShapeNodeDescriptor,\l    ),\l)\l" ]
    13 [ label = "Shape(\l    ShapeNode(\l        \"shape_Fv4AnjuMfr\",\l        ShapeNodeDescriptor,\l    ),\l)\l" ]
    14 [ label = "Shape(\l    ShapeNode(\l        \"shape_O5w3VQAJmV\",\l        ShapeNodeDescriptor,\l    ),\l)\l" ]
    15 [ label = "Field(\l    FieldNode(\l        \"field_nDtKtB2KtJ\",\l        FieldNodeDescriptor {\l            name: \"assignedBy\",\l        },\l    ),\l)\l" ]
    16 [ label = "Shape(\l    ShapeNode(\l        \"shape_cvw6rvavN8\",\l        ShapeNodeDescriptor,\l    ),\l)\l" ]
    17 [ label = "Shape(\l    ShapeNode(\l        \"shape_GROMPaJig6\",\l        ShapeNodeDescriptor,\l    ),\l)\l" ]
    18 [ label = "Field(\l    FieldNode(\l        \"field_30c9L6fbQ3\",\l        FieldNodeDescriptor {\l            name: \"dueDate\",\l        },\l    ),\l)\l" ]
    19 [ label = "Shape(\l    ShapeNode(\l        \"shape_gAv6yKZzFD\",\l        ShapeNodeDescriptor,\l    ),\l)\l" ]
    20 [ label = "Shape(\l    ShapeNode(\l        \"shape_QO3y8UJ0Lv\",\l        ShapeNodeDescriptor,\l    ),\l)\l" ]
    21 [ label = "Field(\l    FieldNode(\l        \"field_fXda473ILm\",\l        FieldNodeDescriptor {\l            name: \"hello\",\l        },\l    ),\l)\l" ]
    22 [ label = "Shape(\l    ShapeNode(\l        \"shape_JxlNtOYsuU\",\l        ShapeNodeDescriptor,\l    ),\l)\l" ]
    23 [ label = "Field(\l    FieldNode(\l        \"field_mYQDOd3Y0i\",\l        FieldNodeDescriptor {\l            name: \"id\",\l        },\l    ),\l)\l" ]
    24 [ label = "Shape(\l    ShapeNode(\l        \"shape_oZ77wP2E0G\",\l        ShapeNodeDescriptor,\l    ),\l)\l" ]
    25 [ label = "Shape(\l    ShapeNode(\l        \"shape_iISbLxbnLI\",\l        ShapeNodeDescriptor,\l    ),\l)\l" ]
    26 [ label = "Field(\l    FieldNode(\l        \"field_AbzpZ0m9nF\",\l        FieldNodeDescriptor {\l            name: \"isDone\",\l        },\l    ),\l)\l" ]
    27 [ label = "Shape(\l    ShapeNode(\l        \"shape_h6noJEJact\",\l        ShapeNodeDescriptor,\l    ),\l)\l" ]
    28 [ label = "Field(\l    FieldNode(\l        \"field_GLsxCDU63N\",\l        FieldNodeDescriptor {\l            name: \"task\",\l        },\l    ),\l)\l" ]
    29 [ label = "Shape(\l    ShapeNode(\l        \"shape_KrxPAcTUDM\",\l        ShapeNodeDescriptor,\l    ),\l)\l" ]
    30 [ label = "Shape(\l    ShapeNode(\l        \"shape_MINPkyPjlU\",\l        ShapeNodeDescriptor,\l    ),\l)\l" ]
    31 [ label = "Shape(\l    ShapeNode(\l        \"shape_9eGPShaC6K\",\l        ShapeNodeDescriptor,\l    ),\l)\l" ]
    32 [ label = "Shape(\l    ShapeNode(\l        \"shape_sT8BeBcwG6\",\l        ShapeNodeDescriptor,\l    ),\l)\l" ]
    33 [ label = "Field(\l    FieldNode(\l        \"field_QO5yNJDzl6\",\l        FieldNodeDescriptor {\l            name: \"assignedBy\",\l        },\l    ),\l)\l" ]
    34 [ label = "Shape(\l    ShapeNode(\l        \"shape_wYhKIM87RV\",\l        ShapeNodeDescriptor,\l    ),\l)\l" ]
    35 [ label = "Shape(\l    ShapeNode(\l        \"shape_y3btjllmxs\",\l        ShapeNodeDescriptor,\l    ),\l)\l" ]
    36 [ label = "Field(\l    FieldNode(\l        \"field_V93LVuyg6y\",\l        FieldNodeDescriptor {\l            name: \"dueDate\",\l        },\l    ),\l)\l" ]
    37 [ label = "Shape(\l    ShapeNode(\l        \"shape_bASddE5AqG\",\l        ShapeNodeDescriptor,\l    ),\l)\l" ]
    38 [ label = "Shape(\l    ShapeNode(\l        \"shape_PHlpFg1Im4\",\l        ShapeNodeDescriptor,\l    ),\l)\l" ]
    39 [ label = "Field(\l    FieldNode(\l        \"field_MzT8sXrwIj\",\l        FieldNodeDescriptor {\l            name: \"hello\",\l        },\l    ),\l)\l" ]
    40 [ label = "Shape(\l    ShapeNode(\l        \"shape_ASYWWGZUXX\",\l        ShapeNodeDescriptor,\l    ),\l)\l" ]
    41 [ label = "Field(\l    FieldNode(\l        \"field_GEBzgPSSgx\",\l        FieldNodeDescriptor {\l            name: \"id\",\l        },\l    ),\l)\l" ]
    42 [ label = "Shape(\l    ShapeNode(\l        \"shape_sKcXmXqnpW\",\l        ShapeNodeDescriptor,\l    ),\l)\l" ]
    43 [ label = "Shape(\l    ShapeNode(\l        \"shape_AJI1NUOcuk\",\l        ShapeNodeDescriptor,\l    ),\l)\l" ]
    44 [ label = "Field(\l    FieldNode(\l        \"field_Wsvi8Mz3I8\",\l        FieldNodeDescriptor {\l            name: \"isDone\",\l        },\l    ),\l)\l" ]
    45 [ label = "Shape(\l    ShapeNode(\l        \"shape_QlChWMhENf\",\l        ShapeNodeDescriptor,\l    ),\l)\l" ]
    46 [ label = "Field(\l    FieldNode(\l        \"field_RkcLaQrvWP\",\l        FieldNodeDescriptor {\l            name: \"task\",\l        },\l    ),\l)\l" ]
    47 [ label = "Shape(\l    ShapeNode(\l        \"shape_hcQz2zr63G\",\l        ShapeNodeDescriptor,\l    ),\l)\l" ]
    4 -> 3 [ label = "IsParameterOf\l" ]
    7 -> 6 [ label = "IsParameterOf\l" ]
    10 -> 9 [ label = "IsParameterOf\l" ]
    12 -> 5 [ label = "IsDescendantOf\l" ]
    13 -> 5 [ label = "IsDescendantOf\l" ]
    14 -> 0 [ label = "IsDescendantOf\l" ]
    14 -> 15 [ label = "BelongsTo\l" ]
    15 -> 13 [ label = "IsFieldOf\l" ]
    16 -> 0 [ label = "IsDescendantOf\l" ]
    17 -> 9 [ label = "IsDescendantOf\l" ]
    17 -> 18 [ label = "BelongsTo\l" ]
    18 -> 13 [ label = "IsFieldOf\l" ]
    19 -> 0 [ label = "IsDescendantOf\l" ]
    20 -> 9 [ label = "IsDescendantOf\l" ]
    20 -> 21 [ label = "BelongsTo\l" ]
    21 -> 13 [ label = "IsFieldOf\l" ]
    22 -> 0 [ label = "IsDescendantOf\l" ]
    22 -> 23 [ label = "BelongsTo\l" ]
    23 -> 13 [ label = "IsFieldOf\l" ]
    24 -> 2 [ label = "IsDescendantOf\l" ]
    25 -> 9 [ label = "IsDescendantOf\l" ]
    25 -> 26 [ label = "BelongsTo\l" ]
    26 -> 13 [ label = "IsFieldOf\l" ]
    27 -> 0 [ label = "IsDescendantOf\l" ]
    27 -> 28 [ label = "BelongsTo\l" ]
    28 -> 13 [ label = "IsFieldOf\l" ]
    29 -> 3 [ label = "IsDescendantOf\l" ]
    17 -> 10 [ label = "HasBinding(\l    ShapeParameterBinding {\l        shape_id: \"shape_cvw6rvavN8\",\l    },\l)\l" ]
    20 -> 10 [ label = "HasBinding(\l    ShapeParameterBinding {\l        shape_id: \"shape_gAv6yKZzFD\",\l    },\l)\l" ]
    25 -> 10 [ label = "HasBinding(\l    ShapeParameterBinding {\l        shape_id: \"shape_oZ77wP2E0G\",\l    },\l)\l" ]
    29 -> 4 [ label = "HasBinding(\l    ShapeParameterBinding {\l        shape_id: \"shape_Fv4AnjuMfr\",\l    },\l)\l" ]
    30 -> 5 [ label = "IsDescendantOf\l" ]
    31 -> 5 [ label = "IsDescendantOf\l" ]
    32 -> 0 [ label = "IsDescendantOf\l" ]
    32 -> 33 [ label = "BelongsTo\l" ]
    33 -> 31 [ label = "IsFieldOf\l" ]
    34 -> 0 [ label = "IsDescendantOf\l" ]
    35 -> 9 [ label = "IsDescendantOf\l" ]
    35 -> 36 [ label = "BelongsTo\l" ]
    36 -> 31 [ label = "IsFieldOf\l" ]
    37 -> 0 [ label = "IsDescendantOf\l" ]
    38 -> 9 [ label = "IsDescendantOf\l" ]
    38 -> 39 [ label = "BelongsTo\l" ]
    39 -> 31 [ label = "IsFieldOf\l" ]
    40 -> 0 [ label = "IsDescendantOf\l" ]
    40 -> 41 [ label = "BelongsTo\l" ]
    41 -> 31 [ label = "IsFieldOf\l" ]
    42 -> 2 [ label = "IsDescendantOf\l" ]
    43 -> 9 [ label = "IsDescendantOf\l" ]
    43 -> 44 [ label = "BelongsTo\l" ]
    44 -> 31 [ label = "IsFieldOf\l" ]
    45 -> 0 [ label = "IsDescendantOf\l" ]
    45 -> 46 [ label = "BelongsTo\l" ]
    46 -> 31 [ label = "IsFieldOf\l" ]
    47 -> 3 [ label = "IsDescendantOf\l" ]
    35 -> 10 [ label = "HasBinding(\l    ShapeParameterBinding {\l        shape_id: \"shape_wYhKIM87RV\",\l    },\l)\l" ]
    38 -> 10 [ label = "HasBinding(\l    ShapeParameterBinding {\l        shape_id: \"shape_bASddE5AqG\",\l    },\l)\l" ]
    43 -> 10 [ label = "HasBinding(\l    ShapeParameterBinding {\l        shape_id: \"shape_sKcXmXqnpW\",\l    },\l)\l" ]
    47 -> 4 [ label = "HasBinding(\l    ShapeParameterBinding {\l        shape_id: \"shape_9eGPShaC6K\",\l    },\l)\l" ]
}

