---
source: workspaces/diff-engine/tests/domain-conflict-scenarios-generated.rs
expression: diffs
---
[
    UnmatchedResponseBodyShape(
        UnmatchedResponseBodyShape {
            interaction_trail: InteractionTrail {
                path: [
                    ResponseBody {
                        content_type: "application/json",
                        status_code: 200,
                    },
                ],
            },
            requests_trail: SpecResponseBody(
                SpecResponseBody {
                    response_id: "response_nHVA0oUt5j",
                },
            ),
            shape_diff_result: UnmatchedShape {
                json_trail: JsonTrail {
                    path: [
                        JsonObjectKey {
                            key: "cars",
                        },
                    ],
                },
                shape_trail: ShapeTrail {
                    root_shape_id: "shape_UzxFqwGJ8h",
                    path: [
                        ObjectFieldTrail {
                            field_id: "field_9JoXLW4PMX",
                            field_shape_id: "shape_m0tBaSSxY5",
                        },
                    ],
                },
            },
        },
    ),
    UnmatchedResponseBodyShape(
        UnmatchedResponseBodyShape {
            interaction_trail: InteractionTrail {
                path: [
                    ResponseBody {
                        content_type: "application/json",
                        status_code: 200,
                    },
                ],
            },
            requests_trail: SpecResponseBody(
                SpecResponseBody {
                    response_id: "response_nHVA0oUt5j",
                },
            ),
            shape_diff_result: UnmatchedShape {
                json_trail: JsonTrail {
                    path: [
                        JsonObjectKey {
                            key: "color",
                        },
                    ],
                },
                shape_trail: ShapeTrail {
                    root_shape_id: "shape_UzxFqwGJ8h",
                    path: [
                        ObjectFieldTrail {
                            field_id: "field_0Gsxw9zhsc",
                            field_shape_id: "shape_UmdGwe9ZXw",
                        },
                    ],
                },
            },
        },
    ),
    UnmatchedResponseBodyShape(
        UnmatchedResponseBodyShape {
            interaction_trail: InteractionTrail {
                path: [
                    ResponseBody {
                        content_type: "application/json",
                        status_code: 200,
                    },
                ],
            },
            requests_trail: SpecResponseBody(
                SpecResponseBody {
                    response_id: "response_nHVA0oUt5j",
                },
            ),
            shape_diff_result: UnmatchedShape {
                json_trail: JsonTrail {
                    path: [
                        JsonObjectKey {
                            key: "rank",
                        },
                    ],
                },
                shape_trail: ShapeTrail {
                    root_shape_id: "shape_UzxFqwGJ8h",
                    path: [
                        ObjectFieldTrail {
                            field_id: "field_vgnTR30nGU",
                            field_shape_id: "shape_oXDbLBSNB3",
                        },
                    ],
                },
            },
        },
    ),
    UnmatchedResponseBodyShape(
        UnmatchedResponseBodyShape {
            interaction_trail: InteractionTrail {
                path: [
                    ResponseBody {
                        content_type: "application/json",
                        status_code: 200,
                    },
                ],
            },
            requests_trail: SpecResponseBody(
                SpecResponseBody {
                    response_id: "response_nHVA0oUt5j",
                },
            ),
            shape_diff_result: UnmatchedShape {
                json_trail: JsonTrail {
                    path: [
                        JsonObjectKey {
                            key: "color",
                        },
                    ],
                },
                shape_trail: ShapeTrail {
                    root_shape_id: "shape_UzxFqwGJ8h",
                    path: [
                        ObjectFieldTrail {
                            field_id: "field_CqWz6xVFHb",
                            field_shape_id: "shape_KGAzNVDmp3",
                        },
                    ],
                },
            },
        },
    ),
]
